// Jest Snapshot v1, https://goo.gl/fbAQLP

exports[`LoginComponent should render snapshot 1`] = `
<login-component
  __ngContext__="0"
  form={[Function FormGroup]}
  router={[Function Router]}
  title={[Function String]}
>
  <form
    class="w-full flex items-center justify-center flex-col ng-untouched ng-pristine ng-valid"
    novalidate=""
  >
    <h1
      class="text-gray-600 text-2xl font-semibold py-16 capitalize"
    >
       Log in now ! 
    </h1>
    <div
      class="w-full max-w-md"
    >
      <label
        class="font-sans font-semibold text-sm text-gray-500"
        for="email"
      >
        Email Address
      </label>
      <input
        class="w-full outline-none border-[1px] border-gray-300 rounded-lg py-2 transition duration-500 hover:border-green-600 px-3 text-gray-500 mb-3 ng-untouched ng-pristine ng-valid"
        formcontrolname="email"
        id="email"
        name="email"
        placeholder="Email Address"
        type="text"
      />
      <label
        class="font-sans font-semibold text-sm text-gray-500"
        for="password"
      >
        Password
      </label>
      <input
        class="w-full outline-none border-[1px] border-gray-300 rounded-lg py-2 transition duration-500 hover:border-green-600 px-3 text-gray-500 mb-3 ng-untouched ng-pristine ng-valid"
        formcontrolname="password"
        id="password"
        name="password"
        placeholder="Password"
        type="password"
      />
      <div
        class="flex items-center flex-col justify-center"
      >
        <button
          class="w-full py-2 rounded-lg bg-material text-white"
          type="submit"
        >
           Sign in 
        </button>
        <a
          class="text-center font-sans text-sm text-gray-600 transition duration-500 cursor-pointer hover:text-blue-400 mt-4"
        >
           You don't have an account? 
        </a>
      </div>
    </div>
  </form>
</login-component>
`;
